// Jest Snapshot v1, https://goo.gl/fbAQLP

exports[`matches snapshot 1`] = `
<div
  className="Search"
>
  <form
    onSubmit={[Function]}
  >
    <input
      name="query"
      onChange={[Function]}
      placeholder="Enter search term..."
      value=""
    />
    <button>
      Submit
    </button>
  </form>
</div>
`;
